--------------------------------------------------------------------------------------
Timing Analyzer Summary
--------------------------------------------------------------------------------------

Type           : Worst-case tco
Slack          : N/A
Required Time  : None
Actual Time    : 10.736 ns
From           : unidadeControle:unidadeControle|state.Nop
To             : StateOut[3]
From Clock     : clock
To Clock       : --
Failed Paths   : 0

Type           : Clock Setup: 'clock'
Slack          : N/A
Required Time  : None
Actual Time    : 94.83 MHz ( period = 10.545 ns )
From           : unidadeControle:unidadeControle|state.Break
To             : Registrador:ALUOut|Saida[29]
From Clock     : clock
To Clock       : clock
Failed Paths   : 0

Type           : Total number of failed paths
Slack          : 
Required Time  : 
Actual Time    : 
From           : 
To             : 
From Clock     : 
To Clock       : 
Failed Paths   : 0

--------------------------------------------------------------------------------------

